                                      1 ;--------------------------------------------------------
                                      2 ; File Created by SDCC : free open source ISO C Compiler 
                                      3 ; Version 4.3.2 #14228 (MINGW64)
                                      4 ;--------------------------------------------------------
                                      5 	.module savefile
                                      6 	.optsdcc -msm83
                                      7 	
                                      8 ;--------------------------------------------------------
                                      9 ; Public variables in this module
                                     10 ;--------------------------------------------------------
                                     11 	.globl _World_8
                                     12 	.globl _World_7
                                     13 	.globl _World_6
                                     14 	.globl _World_5
                                     15 	.globl _World_4
                                     16 	.globl _World_3
                                     17 	.globl _World_2
                                     18 	.globl _World_1
                                     19 	.globl _World_List
                                     20 	.globl _SaveFile_1_Levels
                                     21 	.globl _World_1_Points
                                     22 	.globl _SaveFile_3
                                     23 	.globl _SaveFile_2
                                     24 	.globl _SaveFile_1
                                     25 	.globl _SaveFile_1_World_8_Levels
                                     26 	.globl _SaveFile_1_World_7_Levels
                                     27 	.globl _SaveFile_1_World_6_Levels
                                     28 	.globl _SaveFile_1_World_5_Levels
                                     29 	.globl _SaveFile_1_World_4_Levels
                                     30 	.globl _SaveFile_1_World_3_Levels
                                     31 	.globl _SaveFile_1_World_2_Levels
                                     32 	.globl _SaveFile_1_World_1_Levels
                                     33 	.globl _SavedPoint
                                     34 ;--------------------------------------------------------
                                     35 ; special function registers
                                     36 ;--------------------------------------------------------
                                     37 ;--------------------------------------------------------
                                     38 ; ram data
                                     39 ;--------------------------------------------------------
                                     40 	.area _DATA_1
      000000                         41 _SavedPoint::
      000000                         42 	.ds 1
      000001                         43 _SaveFile_1_World_1_Levels::
      000001                         44 	.ds 4
      000005                         45 _SaveFile_1_World_2_Levels::
      000005                         46 	.ds 4
      000009                         47 _SaveFile_1_World_3_Levels::
      000009                         48 	.ds 4
      00000D                         49 _SaveFile_1_World_4_Levels::
      00000D                         50 	.ds 4
      000011                         51 _SaveFile_1_World_5_Levels::
      000011                         52 	.ds 4
      000015                         53 _SaveFile_1_World_6_Levels::
      000015                         54 	.ds 4
      000019                         55 _SaveFile_1_World_7_Levels::
      000019                         56 	.ds 4
      00001D                         57 _SaveFile_1_World_8_Levels::
      00001D                         58 	.ds 4
      000021                         59 _SaveFile_1::
      000021                         60 	.ds 7
      000028                         61 _SaveFile_2::
      000028                         62 	.ds 7
      00002F                         63 _SaveFile_3::
      00002F                         64 	.ds 7
                                     65 ;--------------------------------------------------------
                                     66 ; ram data
                                     67 ;--------------------------------------------------------
                                     68 	.area _INITIALIZED
      000000                         69 _World_1_Points::
      000000                         70 	.ds 70
      000046                         71 _SaveFile_1_Levels::
      000046                         72 	.ds 16
      000056                         73 _World_List::
      000056                         74 	.ds 16
      000066                         75 _World_1::
      000066                         76 	.ds 5
      00006B                         77 _World_2::
      00006B                         78 	.ds 5
      000070                         79 _World_3::
      000070                         80 	.ds 5
      000075                         81 _World_4::
      000075                         82 	.ds 5
      00007A                         83 _World_5::
      00007A                         84 	.ds 5
      00007F                         85 _World_6::
      00007F                         86 	.ds 5
      000084                         87 _World_7::
      000084                         88 	.ds 5
      000089                         89 _World_8::
      000089                         90 	.ds 5
                                     91 ;--------------------------------------------------------
                                     92 ; absolute external ram data
                                     93 ;--------------------------------------------------------
                                     94 	.area _DABS (ABS)
                                     95 ;--------------------------------------------------------
                                     96 ; global & static initialisations
                                     97 ;--------------------------------------------------------
                                     98 	.area _HOME
                                     99 	.area _GSINIT
                                    100 	.area _GSFINAL
                                    101 	.area _GSINIT
                                    102 ;--------------------------------------------------------
                                    103 ; Home
                                    104 ;--------------------------------------------------------
                                    105 	.area _HOME
                                    106 	.area _HOME
                                    107 ;--------------------------------------------------------
                                    108 ; code
                                    109 ;--------------------------------------------------------
                                    110 	.area _CODE
                                    111 	.area _CODE
                                    112 	.area _INITIALIZER
      000000                        113 __xinit__World_1_Points:
      000000 01 00                  114 	.dw #0x0001
      000002 05 00                  115 	.dw #0x0005
      000004 00                     116 	.db #0x00	; 0
      000005 00                     117 	.db #0x00	; 0
      000006 00                     118 	.db #0x00	; 0
      000007 02 00                  119 	.dw #0x0002
      000009 05 00                  120 	.dw #0x0005
      00000B 04                     121 	.db #0x04	; 4
      00000C 00                     122 	.db #0x00	; 0
      00000D 00                     123 	.db #0x00	; 0
      00000E 04 00                  124 	.dw #0x0004
      000010 03 00                  125 	.dw #0x0003
      000012 04                     126 	.db #0x04	; 4
      000013 00                     127 	.db #0x00	; 0
      000014 00                     128 	.db #0x00	; 0
      000015 07 00                  129 	.dw #0x0007
      000017 03 00                  130 	.dw #0x0003
      000019 01                     131 	.db #0x01	; 1
      00001A 01                     132 	.db #0x01	; 1
      00001B 00                     133 	.db #0x00	; 0
      00001C 0C 00                  134 	.dw #0x000c
      00001E 03 00                  135 	.dw #0x0003
      000020 01                     136 	.db #0x01	; 1
      000021 02                     137 	.db #0x02	; 2
      000022 00                     138 	.db #0x00	; 0
      000023 11 00                  139 	.dw #0x0011
      000025 03 00                  140 	.dw #0x0003
      000027 02                     141 	.db #0x02	; 2
      000028 00                     142 	.db #0x00	; 0
      000029 06                     143 	.db #0x06	; 6
      00002A 05 00                  144 	.dw #0x0005
      00002C 0E 00                  145 	.dw #0x000e
      00002E 03                     146 	.db #0x03	; 3
      00002F 00                     147 	.db #0x00	; 0
      000030 05                     148 	.db #0x05	; 5
      000031 0A 00                  149 	.dw #0x000a
      000033 0E 00                  150 	.dw #0x000e
      000035 01                     151 	.db #0x01	; 1
      000036 03                     152 	.db #0x03	; 3
      000037 00                     153 	.db #0x00	; 0
      000038 0F 00                  154 	.dw #0x000f
      00003A 0E 00                  155 	.dw #0x000e
      00003C 04                     156 	.db #0x04	; 4
      00003D 00                     157 	.db #0x00	; 0
      00003E 00                     158 	.db #0x00	; 0
      00003F 10 00                  159 	.dw #0x0010
      000041 0D 00                  160 	.dw #0x000d
      000043 05                     161 	.db #0x05	; 5
      000044 04                     162 	.db #0x04	; 4
      000045 00                     163 	.db #0x00	; 0
      000046                        164 __xinit__SaveFile_1_Levels:
      000046r01r00                  165 	.dw _SaveFile_1_World_1_Levels
      000048r05r00                  166 	.dw _SaveFile_1_World_2_Levels
      00004Ar09r00                  167 	.dw _SaveFile_1_World_3_Levels
      00004Cr0Dr00                  168 	.dw _SaveFile_1_World_4_Levels
      00004Er11r00                  169 	.dw _SaveFile_1_World_5_Levels
      000050r15r00                  170 	.dw _SaveFile_1_World_6_Levels
      000052r19r00                  171 	.dw _SaveFile_1_World_7_Levels
      000054r1Dr00                  172 	.dw _SaveFile_1_World_8_Levels
      000056                        173 __xinit__World_List:
      000056r66r00                  174 	.dw _World_1
      000058r6Br00                  175 	.dw _World_2
      00005Ar70r00                  176 	.dw _World_3
      00005Cr75r00                  177 	.dw _World_4
      00005Er7Ar00                  178 	.dw _World_5
      000060r7Fr00                  179 	.dw _World_6
      000062r84r00                  180 	.dw _World_7
      000064r89r00                  181 	.dw _World_8
      000066                        182 __xinit__World_1:
      000066r00r00                  183 	.dw _World_1_Points
      000068 01 00                  184 	.dw #0x0001
      00006A 0A                     185 	.db #0x0a	; 10
      00006B                        186 __xinit__World_2:
      00006Br00r00                  187 	.dw _World_1_Points
      00006D 02 00                  188 	.dw #0x0002
      00006F 00                     189 	.db #0x00	; 0
      000070                        190 __xinit__World_3:
      000070r00r00                  191 	.dw _World_1_Points
      000072 03 00                  192 	.dw #0x0003
      000074 00                     193 	.db #0x00	; 0
      000075                        194 __xinit__World_4:
      000075r00r00                  195 	.dw _World_1_Points
      000077 04 00                  196 	.dw #0x0004
      000079 00                     197 	.db #0x00	; 0
      00007A                        198 __xinit__World_5:
      00007Ar00r00                  199 	.dw _World_1_Points
      00007C 05 00                  200 	.dw #0x0005
      00007E 00                     201 	.db #0x00	; 0
      00007F                        202 __xinit__World_6:
      00007Fr00r00                  203 	.dw _World_1_Points
      000081 06 00                  204 	.dw #0x0006
      000083 00                     205 	.db #0x00	; 0
      000084                        206 __xinit__World_7:
      000084r00r00                  207 	.dw _World_1_Points
      000086 07 00                  208 	.dw #0x0007
      000088 00                     209 	.db #0x00	; 0
      000089                        210 __xinit__World_8:
      000089r00r00                  211 	.dw _World_1_Points
      00008B 08 00                  212 	.dw #0x0008
      00008D 00                     213 	.db #0x00	; 0
                                    214 	.area _CABS (ABS)
